Component: ARM Compiler 5.05 update 1 (build 106) Tool: armlink [4d0efa]

==============================================================================

Section Cross References

    startup_stm32f103xe.o(RESET) refers to startup_stm32f103xe.o(STACK) for __initial_sp
    startup_stm32f103xe.o(RESET) refers to startup_stm32f103xe.o(.text) for Reset_Handler
    startup_stm32f103xe.o(RESET) refers to stm32f1xx_it.o(i.NMI_Handler) for NMI_Handler
    startup_stm32f103xe.o(RESET) refers to stm32f1xx_it.o(i.HardFault_Handler) for HardFault_Handler
    startup_stm32f103xe.o(RESET) refers to stm32f1xx_it.o(i.MemManage_Handler) for MemManage_Handler
    startup_stm32f103xe.o(RESET) refers to stm32f1xx_it.o(i.BusFault_Handler) for BusFault_Handler
    startup_stm32f103xe.o(RESET) refers to stm32f1xx_it.o(i.UsageFault_Handler) for UsageFault_Handler
    startup_stm32f103xe.o(RESET) refers to stm32f1xx_it.o(i.SVC_Handler) for SVC_Handler
    startup_stm32f103xe.o(RESET) refers to stm32f1xx_it.o(i.DebugMon_Handler) for DebugMon_Handler
    startup_stm32f103xe.o(RESET) refers to stm32f1xx_it.o(i.PendSV_Handler) for PendSV_Handler
    startup_stm32f103xe.o(RESET) refers to stm32f1xx_it.o(i.SysTick_Handler) for SysTick_Handler
    startup_stm32f103xe.o(RESET) refers to stm32f1xx_it.o(i.PVD_IRQHandler) for PVD_IRQHandler
    startup_stm32f103xe.o(RESET) refers to stm32f1xx_it.o(i.USART1_IRQHandler) for USART1_IRQHandler
    startup_stm32f103xe.o(RESET) refers to stm32f1xx_it.o(i.EXTI15_10_IRQHandler) for EXTI15_10_IRQHandler
    startup_stm32f103xe.o(RESET) refers to stm32f1xx_it.o(i.UART4_IRQHandler) for UART4_IRQHandler
    startup_stm32f103xe.o(.text) refers to system_stm32f1xx.o(i.SystemInit) for SystemInit
    startup_stm32f103xe.o(.text) refers to entry.o(.ARM.Collect$$$$00000000) for __main
    main.o(i.HAL_GPIO_EXTI_Callback) refers to main.o(.data) for bind_click
    main.o(i.SystemClock_Config) refers to memseta.o(.text) for __aeabi_memclr4
    main.o(i.SystemClock_Config) refers to stm32f1xx_hal_rcc.o(i.HAL_RCC_OscConfig) for HAL_RCC_OscConfig
    main.o(i.SystemClock_Config) refers to main.o(i.Error_Handler) for Error_Handler
    main.o(i.SystemClock_Config) refers to stm32f1xx_hal_rcc.o(i.HAL_RCC_ClockConfig) for HAL_RCC_ClockConfig
    main.o(i.ask_device_code) refers to pack_unpack.o(i.json_unpack) for json_unpack
    main.o(i.ask_device_code) refers to strcpy.o(.text) for strcpy
    main.o(i.ask_device_code) refers to air724_rec_data.o(i.writeFlash) for writeFlash
    main.o(i.ask_device_code) refers to main.o(.bss) for device_code
    main.o(i.ask_device_code) refers to main.o(.data) for is_ask_device_code
    main.o(i.heartbeat) refers to pack_unpack.o(i.json_unpack) for json_unpack
    main.o(i.heartbeat) refers to strcmp.o(.text) for strcmp
    main.o(i.heartbeat) refers to strcpy.o(.text) for strcpy
    main.o(i.heartbeat) refers to main.o(i.work_open) for work_open
    main.o(i.heartbeat) refers to strlen.o(.text) for strlen
    main.o(i.heartbeat) refers to stm32f1xx_hal_uart.o(i.HAL_UART_Transmit) for HAL_UART_Transmit
    main.o(i.heartbeat) refers to main.o(.data) for open_delay
    main.o(i.heartbeat) refers to main.o(.bss) for sever_token
    main.o(i.heartbeat) refers to usart.o(.bss) for huart1
    main.o(i.http_deal) refers to air724_rec_data.o(i.HttpGet) for HttpGet
    main.o(i.http_deal) refers to strstr.o(.text) for strstr
    main.o(i.http_deal) refers to load.o(i.json_loads) for json_loads
    main.o(i.http_deal) refers to value.o(i.json_delete) for json_delete
    main.o(i.http_deal) refers to strlen.o(.text) for strlen
    main.o(i.http_deal) refers to stm32f1xx_hal_uart.o(i.HAL_UART_Transmit) for HAL_UART_Transmit
    main.o(i.http_deal) refers to air724_rec_data.o(i.delay_ms_break) for delay_ms_break
    main.o(i.http_deal) refers to main.o(.data) for error_count
    main.o(i.http_deal) refers to usart.o(.bss) for huart1
    main.o(i.init_network) refers to air724_rec_data.o(i.GetSimState) for GetSimState
    main.o(i.init_network) refers to strlen.o(.text) for strlen
    main.o(i.init_network) refers to stm32f1xx_hal_uart.o(i.HAL_UART_Transmit) for HAL_UART_Transmit
    main.o(i.init_network) refers to air724_rec_data.o(i.GetNetWorkState) for GetNetWorkState
    main.o(i.init_network) refers to air724_rec_data.o(i.InitNetWork) for InitNetWork
    main.o(i.init_network) refers to air724_rec_data.o(i.InitHttp) for InitHttp
    main.o(i.init_network) refers to air724_rec_data.o(i.ResSet) for ResSet
    main.o(i.init_network) refers to usart.o(.bss) for huart1
    main.o(i.main) refers to stm32f1xx_hal.o(i.HAL_Init) for HAL_Init
    main.o(i.main) refers to main.o(i.SystemClock_Config) for SystemClock_Config
    main.o(i.main) refers to gpio.o(i.MX_GPIO_Init) for MX_GPIO_Init
    main.o(i.main) refers to usart.o(i.MX_USART1_UART_Init) for MX_USART1_UART_Init
    main.o(i.main) refers to usart.o(i.MX_UART4_Init) for MX_UART4_Init
[...]
    _snputc                                  0x08003607   Thumb Code    22  printfa.o(i._snputc)
    i._sputc                                 0x0800361c   Section        0  printfa.o(i._sputc)
    _sputc                                   0x0800361d   Thumb Code    10  printfa.o(i._sputc)
    i.array_copy                             0x08003626   Section        0  value.o(i.array_copy)
    array_copy                               0x08003627   Thumb Code    24  value.o(i.array_copy)
    i.ask_device_code                        0x08003640   Section        0  main.o(i.ask_device_code)
    i.bucket_is_empty                        0x08003690   Section        0  hashtable.o(i.bucket_is_empty)
    bucket_is_empty                          0x08003691   Thumb Code    22  hashtable.o(i.bucket_is_empty)
    i.decode_unicode_escape                  0x080036a6   Section        0  load.o(i.decode_unicode_escape)
    decode_unicode_escape                    0x080036a7   Thumb Code    76  load.o(i.decode_unicode_escape)
    i.delay_ms                               0x080036f2   Section        0  air724_rec_data.o(i.delay_ms)
    i.delay_ms_break                         0x08003700   Section        0  air724_rec_data.o(i.delay_ms_break)
    i.error_set                              0x08003738   Section        0  load.o(i.error_set)
    error_set                                0x08003739   Thumb Code   150  load.o(i.error_set)
    i.free                                   0x080037f8   Section        0  malloc.o(i.free)
    i.hashlittle                             0x08003848   Section        0  hashtable.o(i.hashlittle)
    hashlittle                               0x08003849   Thumb Code   318  hashtable.o(i.hashlittle)
    i.hashtable_close                        0x0800398c   Section        0  hashtable.o(i.hashtable_close)
    i.hashtable_do_clear                     0x0800399c   Section        0  hashtable.o(i.hashtable_do_clear)
    hashtable_do_clear                       0x0800399d   Thumb Code    34  hashtable.o(i.hashtable_do_clear)
    i.hashtable_do_rehash                    0x080039be   Section        0  hashtable.o(i.hashtable_do_rehash)
    hashtable_do_rehash                      0x080039bf   Thumb Code   118  hashtable.o(i.hashtable_do_rehash)
    i.hashtable_find_pair                    0x08003a34   Section        0  hashtable.o(i.hashtable_find_pair)
    hashtable_find_pair                      0x08003a35   Thumb Code    60  hashtable.o(i.hashtable_find_pair)
    i.hashtable_get                          0x08003a70   Section        0  hashtable.o(i.hashtable_get)
    i.hashtable_init                         0x08003ab0   Section        0  hashtable.o(i.hashtable_init)
    i.hashtable_iter                         0x08003af8   Section        0  hashtable.o(i.hashtable_iter)
    i.hashtable_iter_key                     0x08003b04   Section        0  hashtable.o(i.hashtable_iter_key)
    i.hashtable_iter_next                    0x08003b08   Section        0  hashtable.o(i.hashtable_iter_next)
    i.hashtable_iter_value                   0x08003b16   Section        0  hashtable.o(i.hashtable_iter_value)
    i.hashtable_set                          0x08003b1c   Section        0  hashtable.o(i.hashtable_set)
    i.heartbeat                              0x08003bc8   Section        0  main.o(i.heartbeat)
    i.http_deal                              0x08003ce4   Section        0  main.o(i.http_deal)
    i.init_network                           0x08003dc8   Section        0  main.o(i.init_network)
    i.insert_to_bucket                       0x08003ee4   Section        0  hashtable.o(i.insert_to_bucket)
    insert_to_bucket                         0x08003ee5   Thumb Code    42  hashtable.o(i.insert_to_bucket)
    i.json_array                             0x08003f0e   Section        0  value.o(i.json_array)
    i.json_array_append_new                  0x08003f44   Section        0  value.o(i.json_array_append_new)
    i.json_array_get                         0x08003f8c   Section        0  value.o(i.json_array_get)
    i.json_array_grow                        0x08003fa8   Section        0  value.o(i.json_array_grow)
    json_array_grow                          0x08003fa9   Thumb Code    76  value.o(i.json_array_grow)
    i.json_array_size                        0x08003ff4   Section        0  value.o(i.json_array_size)
    i.json_decref                            0x08004006   Section        0  load.o(i.json_decref)
    json_decref                              0x08004007   Thumb Code    24  load.o(i.json_decref)
    i.json_decref                            0x0800401e   Section        0  value.o(i.json_decref)
    json_decref                              0x0800401f   Thumb Code    24  value.o(i.json_decref)
    i.json_decref                            0x08004036   Section        0  hashtable.o(i.json_decref)
    json_decref                              0x08004037   Thumb Code    24  hashtable.o(i.json_decref)
    i.json_delete                            0x0800404e   Section        0  value.o(i.json_delete)
    i.json_false                             0x080040a4   Section        0  value.o(i.json_false)
    i.json_incref                            0x080040ac   Section        0  load.o(i.json_incref)
    json_incref                              0x080040ad   Thumb Code    16  load.o(i.json_incref)
    i.json_incref                            0x080040bc   Section        0  pack_unpack.o(i.json_incref)
    json_incref                              0x080040bd   Thumb Code    16  pack_unpack.o(i.json_incref)
    i.json_integer                           0x080040cc   Section        0  value.o(i.json_integer)
    i.json_integer_value                     0x080040e8   Section        0  value.o(i.json_integer_value)
    i.json_loads                             0x08004100   Section        0  load.o(i.json_loads)
    i.json_null                              0x08004174   Section        0  value.o(i.json_null)
    i.json_number_value                      0x0800417c   Section        0  value.o(i.json_number_value)
    i.json_object                            0x080041a4   Section        0  value.o(i.json_object)
    i.json_object_get                        0x080041f0   Section        0  value.o(i.json_object_get)
    i.json_object_iter                       0x0800420c   Section        0  value.o(i.json_object_iter)
    i.json_object_iter_key                   0x08004224   Section        0  value.o(i.json_object_iter_key)
    i.json_object_iter_next                  0x08004230   Section        0  value.o(i.json_object_iter_next)
    i.json_object_iter_value                 0x0800424c   Section        0  value.o(i.json_object_iter_value)
    i.json_object_key_to_iter                0x08004258   Section        0  value.o(i.json_object_key_to_iter)
    i.json_object_seed                       0x08004260   Section        0  hashtable_seed.o(i.json_object_seed)
    i.json_object_set_new_nocheck            0x08004288   Section        0  value.o(i.json_object_set_new_nocheck)
    i.json_object_size                       0x080042c8   Section        0  value.o(i.json_object_size)
    i.json_real                              0x080042da   Section        0  value.o(i.json_real)
    i.json_real_value                        0x0800430e   Section        0  value.o(i.json_real_value)
    i.json_string_length                     0x08004326   Section        0  value.o(i.json_string_length)
    i.json_string_value                      0x08004338   Section        0  value.o(i.json_string_value)
    i.json_true                              0x0800434c   Section        0  value.o(i.json_true)
    i.json_unpack                            0x08004354   Section        0  pack_unpack.o(i.json_unpack)
    i.json_vunpack_ex                        0x08004370   Section        0  pack_unpack.o(i.json_vunpack_ex)
    i.jsonp_error_init                       0x08004460   Section        0  error.o(i.jsonp_error_init)
    i.jsonp_error_set                        0x08004482   Section        0  error.o(i.jsonp_error_set)
    i.jsonp_error_set_source                 0x08004494   Section        0  error.o(i.jsonp_error_set_source)
    i.jsonp_error_vset                       0x080044d0   Section        0  error.o(i.jsonp_error_vset)
    i.jsonp_free                             0x080044fc   Section        0  memory.o(i.jsonp_free)
    i.jsonp_malloc                           0x0800450c   Section        0  memory.o(i.jsonp_malloc)
    i.jsonp_stringn_nocheck_own              0x0800451c   Section        0  value.o(i.jsonp_stringn_nocheck_own)
    i.jsonp_strndup                          0x08004526   Section        0  memory.o(i.jsonp_strndup)
    i.jsonp_strtod                           0x0800454c   Section        0  strconv.o(i.jsonp_strtod)
    i.lex_close                              0x080045b0   Section        0  load.o(i.lex_close)
    lex_close                                0x080045b1   Thumb Code    28  load.o(i.lex_close)
    i.lex_free_string                        0x080045cc   Section        0  load.o(i.lex_free_string)
    lex_free_string                          0x080045cd   Thumb Code    18  load.o(i.lex_free_string)
    i.lex_get                                0x080045de   Section        0  load.o(i.lex_get)
    lex_get                                  0x080045df   Thumb Code     8  load.o(i.lex_get)
    i.lex_get_save                           0x080045e6   Section        0  load.o(i.lex_get_save)
    lex_get_save                             0x080045e7   Thumb Code    30  load.o(i.lex_get_save)
    i.lex_init                               0x08004604   Section        0  load.o(i.lex_init)
    lex_init                                 0x08004605   Thumb Code    44  load.o(i.lex_init)
    i.lex_save                               0x08004634   Section        0  load.o(i.lex_save)
    lex_save                                 0x08004635   Thumb Code    12  load.o(i.lex_save)
    i.lex_scan                               0x08004640   Section        0  load.o(i.lex_scan)
    lex_scan                                 0x08004641   Thumb Code   284  load.o(i.lex_scan)
    i.lex_scan_number                        0x08004778   Section        0  load.o(i.lex_scan_number)
    lex_scan_number                          0x08004779   Thumb Code   328  load.o(i.lex_scan_number)
    i.lex_scan_string                        0x08004904   Section        0  load.o(i.lex_scan_string)
    lex_scan_string                          0x08004905   Thumb Code   464  load.o(i.lex_scan_string)
    i.lex_unget_unsave                       0x08004b8c   Section        0  load.o(i.lex_unget_unsave)
    lex_unget_unsave                         0x08004b8d   Thumb Code    38  load.o(i.lex_unget_unsave)
    i.list_insert                            0x08004bb2   Section        0  hashtable.o(i.list_insert)
    list_insert                              0x08004bb3   Thumb Code    14  hashtable.o(i.list_insert)
    i.main                                   0x08004bc0   Section        0  main.o(i.main)
    i.malloc                                 0x08004ce0   Section        0  malloc.o(i.malloc)
    i.next_token                             0x08004d4c   Section        0  pack_unpack.o(i.next_token)
    next_token                               0x08004d4d   Thumb Code   128  pack_unpack.o(i.next_token)
    i.parse_array                            0x08004dcc   Section        0  load.o(i.parse_array)
    parse_array                              0x08004dcd   Thumb Code   130  load.o(i.parse_array)
    i.parse_json                             0x08004e60   Section        0  load.o(i.parse_json)
    parse_json                               0x08004e61   Thumb Code   104  load.o(i.parse_json)
    i.parse_object                           0x08004ef4   Section        0  load.o(i.parse_object)
    parse_object                             0x08004ef5   Thumb Code   264  load.o(i.parse_object)
    i.parse_value                            0x08005074   Section        0  load.o(i.parse_value)
    parse_value                              0x08005075   Thumb Code   210  load.o(i.parse_value)
    i.prev_token                             0x080051b4   Section        0  pack_unpack.o(i.prev_token)
    prev_token                               0x080051b5   Thumb Code    20  pack_unpack.o(i.prev_token)
    i.readFlash                              0x080051c8   Section        0  air724_rec_data.o(i.readFlash)
    i.read_rec                               0x080051e8   Section        0  air724_rec_data.o(i.read_rec)
    i.scanner_init                           0x08005250   Section        0  pack_unpack.o(i.scanner_init)
    scanner_init                             0x08005251   Thumb Code    44  pack_unpack.o(i.scanner_init)
    i.seed_from_timestamp_and_pid            0x0800527c   Section        0  jansson_config.o(i.seed_from_timestamp_and_pid)
    i.send_at_cmd                            0x08005282   Section        0  air724_rec_data.o(i.send_at_cmd)
    i.send_at_cmd_ret                        0x08005298   Section        0  air724_rec_data.o(i.send_at_cmd_ret)
    i.set_error                              0x08005314   Section        0  pack_unpack.o(i.set_error)
    set_error                                0x08005315   Thumb Code    44  pack_unpack.o(i.set_error)
    i.strbuffer_append_byte                  0x08005340   Section        0  strbuffer.o(i.strbuffer_append_byte)
    i.strbuffer_append_bytes                 0x0800534c   Section        0  strbuffer.o(i.strbuffer_append_bytes)
    i.strbuffer_clear                        0x080053bc   Section        0  strbuffer.o(i.strbuffer_clear)
    i.strbuffer_close                        0x080053c6   Section        0  strbuffer.o(i.strbuffer_close)
    i.strbuffer_init                         0x080053de   Section        0  strbuffer.o(i.strbuffer_init)
    i.strbuffer_pop                          0x08005400   Section        0  strbuffer.o(i.strbuffer_pop)
    i.strbuffer_value                        0x08005418   Section        0  strbuffer.o(i.strbuffer_value)
    i.stream_get                             0x0800541c   Section        0  load.o(i.stream_get)
    stream_get                               0x0800541d   Thumb Code   200  load.o(i.stream_get)
    i.stream_unget                           0x08005500   Section        0  load.o(i.stream_unget)
    stream_unget                             0x08005501   Thumb Code    74  load.o(i.stream_unget)
    i.string_create                          0x0800554a   Section        0  value.o(i.string_create)
    string_create                            0x0800554b   Thumb Code    62  value.o(i.string_create)
    i.string_get                             0x08005588   Section        0  load.o(i.string_get)
    string_get                               0x08005589   Thumb Code    24  load.o(i.string_get)
    i.strtod                                 0x080055a0   Section        0  strtod.o(i.strtod)
    i.unpack                                 0x080055bc   Section        0  pack_unpack.o(i.unpack)
    unpack                                   0x080055bd   Thumb Code   522  pack_unpack.o(i.unpack)
    i.unpack_array                           0x080058f0   Section        0  pack_unpack.o(i.unpack_array)
    unpack_array                             0x080058f1   Thumb Code   252  pack_unpack.o(i.unpack_array)
    i.unpack_object                          0x08005acc   Section        0  pack_unpack.o(i.unpack_object)
    unpack_object                            0x08005acd   Thumb Code   408  pack_unpack.o(i.unpack_object)
    i.utf8_check_first                       0x08005d74   Section        0  utf.o(i.utf8_check_first)
    i.utf8_check_full                        0x08005db0   Section        0  utf.o(i.utf8_check_full)
    i.utf8_encode                            0x08005e38   Section        0  utf.o(i.utf8_encode)
    i.work_open                              0x08005eb4   Section        0  main.o(i.work_open)
    i.writeFlash                             0x08005f40   Section        0  air724_rec_data.o(i.writeFlash)
    i.write_rec                              0x08005fb4   Section        0  air724_rec_data.o(i.write_rec)
    .constdata                               0x0800603c   Section       24  system_stm32f1xx.o(.constdata)
    .constdata                               0x08006054   Section       44  pack_unpack.o(.constdata)
    type_names                               0x08006054   Data          32  pack_unpack.o(.constdata)
    unpack_value_starters                    0x08006074   Data          12  pack_unpack.o(.constdata)
    .constdata                               0x08006080   Section      129  ctype_o.o(.constdata)
    .constdata                               0x08006104   Section        4  ctype_o.o(.constdata)
    table                                    0x08006104   Data           4  ctype_o.o(.constdata)
    .conststring                             0x08006108   Section       62  pack_unpack.o(.conststring)
    .data                                    0x20000000   Section       26  main.o(.data)
    .data                                    0x2000001a   Section        1  usart.o(.data)
    .data                                    0x2000001c   Section        4  stm32f1xx_it.o(.data)
    .data                                    0x20000020   Section       12  air724_rec_data.o(.data)
    .data                                    0x2000002c   Section        9  stm32f1xx_hal.o(.data)
    .data                                    0x20000038   Section        4  system_stm32f1xx.o(.data)
    .data                                    0x2000003c   Section       24  value.o(.data)
    the_true                                 0x2000003c   Data           8  value.o(.data)
    the_false                                0x20000044   Data           8  value.o(.data)
    the_null                                 0x2000004c   Data           8  value.o(.data)
    .data                                    0x20000054   Section        8  memory.o(.data)
    do_malloc                                0x20000054   Data           4  memory.o(.data)
    do_free                                  0x20000058   Data           4  memory.o(.data)
    .data                                    0x2000005c   Section        4  hashtable_seed.o(.data)
    .data                                    0x20000060   Section        4  errno.o(.data)
    _errno                                   0x20000060   Data           4  errno.o(.data)
    .data                                    0x20000064   Section        4  mvars.o(.data)
    .data                                    0x20000068   Section        4  mvars.o(.data)
    .bss                                     0x2000006c   Section      144  main.o(.bss)
    .bss                                     0x200000fc   Section      128  usart.o(.bss)
    .bss                                     0x2000017c   Section      128  stm32f1xx_it.o(.bss)
    .bss                                     0x200001fc   Section      903  air724_rec_data.o(.bss)
    .bss                                     0x20000588   Section       32  stm32f1xx_hal_flash.o(.bss)
    HEAP                                     0x200005a8   Section     1792  startup_stm32f103xe.o(HEAP)
    STACK                                    0x20000ca8   Section     1280  startup_stm32f103xe.o(STACK)

    Global Symbols

    Symbol Name                              Value     Ov Type        Size  Object(Section)

    BuildAttributes$$THM_ISAv4$P$D$K$B$S$PE$A:L22UL41UL21$X:L11$S22US41US21$IEEE1$IW$USESV6$~STKCKD$USESV7$~SHL$OTIME$ROPI$IEEEJ$EBA8$MICROLIB$REQ8$PRES8$EABIv2 0x00000000   Number         0  anon$$obj.o ABSOLUTE
    __ARM_use_no_argv                        0x00000000   Number         0  main.o ABSOLUTE
    _printf_a                                0x00000000   Number         0  stubs.o ABSOLUTE
    _printf_c                                0x00000000   Number         0  stubs.o ABSOLUTE
    _printf_charcount                        0x00000000   Number         0  stubs.o ABSOLUTE
    _printf_d                                0x00000000   Number         0  stubs.o ABSOLUTE
    _printf_e                                0x00000000   Number         0  stubs.o ABSOLUTE
    _printf_f                                0x00000000   Number         0  stubs.o ABSOLUTE
    _printf_flags                            0x00000000   Number         0  stubs.o ABSOLUTE
    _printf_fp_dec                           0x00000000   Number         0  stubs.o ABSOLUTE
    _printf_fp_hex                           0x00000000   Number         0  stubs.o ABSOLUTE
    _printf_g                                0x00000000   Number         0  stubs.o ABSOLUTE
    _printf_i                                0x00000000   Number         0  stubs.o ABSOLUTE
    _printf_int_dec                          0x00000000   Number         0  stubs.o ABSOLUTE
    _printf_l                                0x00000000   Number         0  stubs.o ABSOLUTE
    _printf_lc                               0x00000000   Number         0  stubs.o ABSOLUTE
    _printf_ll                               0x00000000   Number         0  stubs.o ABSOLUTE
    _printf_lld                              0x00000000   Number         0  stubs.o ABSOLUTE
    _printf_lli                              0x00000000   Number         0  stubs.o ABSOLUTE
    _printf_llo                              0x00000000   Number         0  stubs.o ABSOLUTE
    _printf_llu                              0x00000000   Number         0  stubs.o ABSOLUTE
    _printf_llx                              0x00000000   Number         0  stubs.o ABSOLUTE
    _printf_longlong_dec                     0x00000000   Number         0  stubs.o ABSOLUTE
    _printf_longlong_hex                     0x00000000   Number         0  stubs.o ABSOLUTE
    _printf_longlong_oct                     0x00000000   Number         0  stubs.o ABSOLUTE
    _printf_ls                               0x00000000   Number         0  stubs.o ABSOLUTE
    _printf_mbtowc                           0x00000000   Number         0  stubs.o ABSOLUTE
    _printf_n                                0x00000000   Number         0  stubs.o ABSOLUTE
    _printf_o                                0x00000000   Number         0  stubs.o ABSOLUTE
    _printf_p                                0x00000000   Number         0  stubs.o ABSOLUTE
    _printf_percent                          0x00000000   Number         0  stubs.o ABSOLUTE
    _printf_pre_padding                      0x00000000   Number         0  stubs.o ABSOLUTE
    _printf_return_value                     0x00000000   Number         0  stubs.o ABSOLUTE
    _printf_s                                0x00000000   Number         0  stubs.o ABSOLUTE
    _printf_sizespec                         0x00000000   Number         0  stubs.o ABSOLUTE
    _printf_str                              0x00000000   Number         0  stubs.o ABSOLUTE
    _printf_truncate_signed                  0x00000000   Number         0  stubs.o ABSOLUTE
    _printf_truncate_unsigned                0x00000000   Number         0  stubs.o ABSOLUTE
    _printf_u                                0x00000000   Number         0  stubs.o ABSOLUTE
    _printf_wc                               0x00000000   Number         0  stubs.o ABSOLUTE
    _printf_wctomb                           0x00000000   Number         0  stubs.o ABSOLUTE
    _printf_widthprec                        0x00000000   Number         0  stubs.o ABSOLUTE
    _printf_x                                0x00000000   Number         0  stubs.o ABSOLUTE
    __cpp_initialize__aeabi_                  - Undefined Weak Reference
    __cxa_finalize                            - Undefined Weak Reference
    __decompress                              - Undefined Weak Reference
    _clock_init                               - Undefined Weak Reference
    _microlib_exit                            - Undefined Weak Reference
    __Vectors_Size                           0x00000130   Number         0  startup_stm32f103xe.o ABSOLUTE
    __Vectors                                0x08000000   Data           4  startup_stm32f103xe.o(RESET)
    __Vectors_End                            0x08000130   Data           0  startup_stm32f103xe.o(RESET)
    __main                                   0x08000131   Thumb Code     0  entry.o(.ARM.Collect$$$$00000000)
    _main_stk                                0x08000131   Thumb Code     0  entry2.o(.ARM.Collect$$$$00000001)
    _main_scatterload                        0x08000135   Thumb Code     0  entry5.o(.ARM.Collect$$$$00000004)
    __main_after_scatterload                 0x08000139   Thumb Code     0  entry5.o(.ARM.Collect$$$$00000004)
    _main_clock                              0x08000139   Thumb Code     0  entry7b.o(.ARM.Collect$$$$00000008)
    _main_cpp_init                           0x08000139   Thumb Code     0  entry8b.o(.ARM.Collect$$$$0000000A)
    _main_init                               0x08000139   Thumb Code     0  entry9a.o(.ARM.Collect$$$$0000000B)
    __rt_final_cpp                           0x08000141   Thumb Code     0  entry10a.o(.ARM.Collect$$$$0000000D)
    __rt_final_exit                          0x08000141   Thumb Code     0  entry11a.o(.ARM.Collect$$$$0000000F)
    Reset_Handler                            0x08000145   Thumb Code     8  startup_stm32f103xe.o(.text)
    ADC1_2_IRQHandler                        0x0800015f   Thumb Code     0  startup_stm32f103xe.o(.text)
    ADC3_IRQHandler                          0x0800015f   Thumb Code     0  startup_stm32f103xe.o(.text)
    CAN1_RX1_IRQHandler                      0x0800015f   Thumb Code     0  startup_stm32f103xe.o(.text)
    CAN1_SCE_IRQHandler                      0x0800015f   Thumb Code     0  startup_stm32f103xe.o(.text)
    DMA1_Channel1_IRQHandler                 0x0800015f   Thumb Code     0  startup_stm32f103xe.o(.text)
    DMA1_Channel2_IRQHandler                 0x0800015f   Thumb Code     0  startup_stm32f103xe.o(.text)
    DMA1_Channel3_IRQHandler                 0x0800015f   Thumb Code     0  startup_stm32f103xe.o(.text)
    DMA1_Channel4_IRQHandler                 0x0800015f   Thumb Code     0  startup_stm32f103xe.o(.text)
    DMA1_Channel5_IRQHandler                 0x0800015f   Thumb Code     0  startup_stm32f103xe.o(.text)
    DMA1_Channel6_IRQHandler                 0x0800015f   Thumb Code     0  startup_stm32f103xe.o(.text)
    DMA1_Channel7_IRQHandler                 0x0800015f   Thumb Code     0  startup_stm32f103xe.o(.text)
    DMA2_Channel1_IRQHandler                 0x0800015f   Thumb Code     0  startup_stm32f103xe.o(.text)
    DMA2_Channel2_IRQHandler                 0x0800015f   Thumb Code     0  startup_stm32f103xe.o(.text)
    DMA2_Channel3_IRQHandler                 0x0800015f   Thumb Code     0  startup_stm32f103xe.o(.text)
    DMA2_Channel4_5_IRQHandler               0x0800015f   Thumb Code     0  startup_stm32f103xe.o(.text)
    EXTI0_IRQHandler                         0x0800015f   Thumb Code     0  startup_stm32f103xe.o(.text)
    EXTI1_IRQHandler                         0x0800015f   Thumb Code     0  startup_stm32f103xe.o(.text)
    EXTI2_IRQHandler                         0x0800015f   Thumb Code     0  startup_stm32f103xe.o(.text)
    EXTI3_IRQHandler                         0x0800015f   Thumb Code     0  startup_stm32f103xe.o(.text)
    EXTI4_IRQHandler                         0x0800015f   Thumb Code     0  startup_stm32f103xe.o(.text)
    EXTI9_5_IRQHandler                       0x0800015f   Thumb Code     0  startup_stm32f103xe.o(.text)
    FLASH_IRQHandler                         0x0800015f   Thumb Code     0  startup_stm32f103xe.o(.text)
    FSMC_IRQHandler                          0x0800015f   Thumb Code     0  startup_stm32f103xe.o(.text)
    I2C1_ER_IRQHandler                       0x0800015f   Thumb Code     0  startup_stm32f103xe.o(.text)
    I2C1_EV_IRQHandler                       0x0800015f   Thumb Code     0  startup_stm32f103xe.o(.text)
    I2C2_ER_IRQHandler                       0x0800015f   Thumb Code     0  startup_stm32f103xe.o(.text)
    I2C2_EV_IRQHandler                       0x0800015f   Thumb Code     0  startup_stm32f103xe.o(.text)
    RCC_IRQHandler                           0x0800015f   Thumb Code     0  startup_stm32f103xe.o(.text)
    RTC_Alarm_IRQHandler                     0x0800015f   Thumb Code     0  startup_stm32f103xe.o(.text)
    RTC_IRQHandler                           0x0800015f   Thumb Code     0  startup_stm32f103xe.o(.text)
    SDIO_IRQHandler                          0x0800015f   Thumb Code     0  startup_stm32f103xe.o(.text)
    SPI1_IRQHandler                          0x0800015f   Thumb Code     0  startup_stm32f103xe.o(.text)
    SPI2_IRQHandler                          0x0800015f   Thumb Code     0  startup_stm32f103xe.o(.text)
    SPI3_IRQHandler                          0x0800015f   Thumb Code     0  startup_stm32f103xe.o(.text)
    TAMPER_IRQHandler                        0x0800015f   Thumb Code     0  startup_stm32f103xe.o(.text)
    TIM1_BRK_IRQHandler                      0x0800015f   Thumb Code     0  startup_stm32f103xe.o(.text)
    TIM1_CC_IRQHandler                       0x0800015f   Thumb Code     0  startup_stm32f103xe.o(.text)
    TIM1_TRG_COM_IRQHandler                  0x0800015f   Thumb Code     0  startup_stm32f103xe.o(.text)
    TIM1_UP_IRQHandler                       0x0800015f   Thumb Code     0  startup_stm32f103xe.o(.text)
    TIM2_IRQHandler                          0x0800015f   Thumb Code     0  startup_stm32f103xe.o(.text)
    TIM3_IRQHandler                          0x0800015f   Thumb Code     0  startup_stm32f103xe.o(.text)
    TIM4_IRQHandler                          0x0800015f   Thumb Code     0  startup_stm32f103xe.o(.text)
    TIM5_IRQHandler                          0x0800015f   Thumb Code     0  startup_stm32f103xe.o(.text)
    TIM6_IRQHandler                          0x0800015f   Thumb Code     0  startup_stm32f103xe.o(.text)
    TIM7_IRQHandler                          0x0800015f   Thumb Code     0  startup_stm32f103xe.o(.text)
    TIM8_BRK_IRQHandler                      0x0800015f   Thumb Code     0  startup_stm32f103xe.o(.text)
    TIM8_CC_IRQHandler                       0x0800015f   Thumb Code     0  startup_stm32f103xe.o(.text)
    TIM8_TRG_COM_IRQHandler                  0x0800015f   Thumb Code     0  startup_stm32f103xe.o(.text)
    TIM8_UP_IRQHandler                       0x0800015f   Thumb Code     0  startup_stm32f103xe.o(.text)
    UART5_IRQHandler                         0x0800015f   Thumb Code     0  startup_stm32f103xe.o(.text)
    USART2_IRQHandler                        0x0800015f   Thumb Code     0  startup_stm32f103xe.o(.text)
    USART3_IRQHandler                        0x0800015f   Thumb Code     0  startup_stm32f103xe.o(.text)
    USBWakeUp_IRQHandler                     0x0800015f   Thumb Code     0  startup_stm32f103xe.o(.text)
    USB_HP_CAN1_TX_IRQHandler                0x0800015f   Thumb Code     0  startup_stm32f103xe.o(.text)
    USB_LP_CAN1_RX0_IRQHandler               0x0800015f   Thumb Code     0  startup_stm32f103xe.o(.text)
    WWDG_IRQHandler                          0x0800015f   Thumb Code     0  startup_stm32f103xe.o(.text)
    __aeabi_uidiv                            0x08000169   Thumb Code     0  uidiv.o(.text)
    __aeabi_uidivmod                         0x08000169   Thumb Code    44  uidiv.o(.text)
    __aeabi_llsr                             0x08000195   Thumb Code    32  llushr.o(.text)
    _ll_ushift_r                             0x08000195   Thumb Code     0  llushr.o(.text)
    ___aeabi_memcpy8$move                    0x080001b5   Thumb Code     0  memmovea.o(.text)
    __aeabi_memcpy                           0x080001b5   Thumb Code    64  memmovea.o(.text)
    __aeabi_memcpy4                          0x080001b5   Thumb Code     0  memmovea.o(.text)
    __aeabi_memmove                          0x080001b5   Thumb Code     0  memmovea.o(.text)
    __aeabi_memmove4                         0x080001b5   Thumb Code     0  memmovea.o(.text)
    __aeabi_memmove8                         0x080001b5   Thumb Code     0  memmovea.o(.text)
    __aeabi_memset                           0x080001f5   Thumb Code    14  memseta.o(.text)
    __aeabi_memset4                          0x080001f5   Thumb Code     0  memseta.o(.text)
    __aeabi_memset8                          0x080001f5   Thumb Code     0  memseta.o(.text)
    __aeabi_memclr                           0x08000203   Thumb Code     4  memseta.o(.text)
    __aeabi_memclr4                          0x08000203   Thumb Code     0  memseta.o(.text)
    __aeabi_memclr8                          0x08000203   Thumb Code     0  memseta.o(.text)
    _memset$wrapper                          0x08000207   Thumb Code    18  memseta.o(.text)
    strcat                                   0x08000219   Thumb Code    24  strcat.o(.text)
    strstr                                   0x08000231   Thumb Code    36  strstr.o(.text)
    strchr                                   0x08000255   Thumb Code    20  strchr.o(.text)
    strlen                                   0x08000269   Thumb Code    14  strlen.o(.text)
    strcmp                                   0x08000277   Thumb Code    28  strcmp.o(.text)
    memchr                                   0x08000293   Thumb Code    20  memchr.o(.text)
    strcpy                                   0x080002a7   Thumb Code    18  strcpy.o(.text)
    strtoll                                  0x080002b9   Thumb Code     4  strtoll.o(.text)
    __aeabi_l2d                              0x080002bd   Thumb Code    40  dfltl.o(.text)
    __aeabi_cdcmpeq                          0x080002e5   Thumb Code     0  cdcmple.o(.text)
    __aeabi_cdcmple                          0x080002e5   Thumb Code    48  cdcmple.o(.text)
    __aeabi_uldivmod                         0x08000315   Thumb Code    98  uldiv.o(.text)
    __strtod_int                             0x080003af   Thumb Code    88  strtod.o(.text)
    __strtoll                                0x08000415   Thumb Code   144  __strtoll.o(.text)
    __I$use$fp                               0x080004a5   Thumb Code     0  iusefp.o(.text)
    _double_round                            0x080004a5   Thumb Code    30  depilogue.o(.text)
    _double_epilogue                         0x080004c3   Thumb Code   156  depilogue.o(.text)
    __aeabi_dadd                             0x0800055f   Thumb Code   322  dadd.o(.text)
    __aeabi_dsub                             0x080006a1   Thumb Code     6  dadd.o(.text)
    __aeabi_drsub                            0x080006a7   Thumb Code     6  dadd.o(.text)
    __aeabi_dmul                             0x080006ad   Thumb Code   228  dmul.o(.text)
    __aeabi_ddiv                             0x08000791   Thumb Code   222  ddiv.o(.text)
    __aeabi_d2ulz                            0x0800086f   Thumb Code    48  dfixul.o(.text)
    __aeabi_cdrcmple                         0x080008a1   Thumb Code    48  cdrcmple.o(.text)
    __scatterload                            0x080008d1   Thumb Code    28  init.o(.text)
    __scatterload_rt2                        0x080008d1   Thumb Code     0  init.o(.text)
    __aeabi_llsl                             0x080008f5   Thumb Code    30  llshl.o(.text)
    _ll_shift_l                              0x080008f5   Thumb Code     0  llshl.o(.text)
    __aeabi_lasr                             0x08000913   Thumb Code    36  llsshr.o(.text)
    _ll_sshift_r                             0x08000913   Thumb Code     0  llsshr.o(.text)
    __rt_ctype_table                         0x08000939   Thumb Code     4  ctype_o.o(.text)
    isspace                                  0x08000941   Thumb Code    18  isspace_o.o(.text)
    _scanf_real                              0x08000a55   Thumb Code     0  scanf_fp.o(.text)
    _scanf_really_real                       0x08000a55   Thumb Code   556  scanf_fp.o(.text)
    _sgetc                                   0x08000c8d   Thumb Code    30  _sgetc.o(.text)
    _sbackspace                              0x08000cab   Thumb Code    34  _sgetc.o(.text)
    _strtoull                                0x08000ccd   Thumb Code   194  _strtoull.o(.text)
    _chval                                   0x08000d8f   Thumb Code    28  _chval.o(.text)
    __aeabi_ul2d                             0x08000dab   Thumb Code    24  dfltul.o(.text)
    __aeabi_d2f                              0x08000dc3   Thumb Code    56  d2f.o(.text)
    _float_round                             0x08000dfb   Thumb Code    18  fepilogue.o(.text)
    _float_epilogue                          0x08000e0d   Thumb Code    92  fepilogue.o(.text)
    BusFault_Handler                         0x08000e69   Thumb Code     4  stm32f1xx_it.o(i.BusFault_Handler)
    DebugMon_Handler                         0x08000e6d   Thumb Code     2  stm32f1xx_it.o(i.DebugMon_Handler)
    EXTI15_10_IRQHandler                     0x08000e6f   Thumb Code    20  stm32f1xx_it.o(i.EXTI15_10_IRQHandler)
    Error_Handler                            0x08000e83   Thumb Code     6  main.o(i.Error_Handler)
    FLASH_PageErase                          0x08000eb1   Thumb Code    32  stm32f1xx_hal_flash_ex.o(i.FLASH_PageErase)
    FLASH_WaitForLastOperation               0x08000f7d   Thumb Code   106  stm32f1xx_hal_flash.o(i.FLASH_WaitForLastOperation)
    GetNetWorkState                          0x08000fed   Thumb Code    42  air724_rec_data.o(i.GetNetWorkState)
    GetSimState                              0x08001059   Thumb Code    16  air724_rec_data.o(i.GetSimState)
    HAL_DMA_Abort_IT                         0x08001085   Thumb Code   414  stm32f1xx_hal_dma.o(i.HAL_DMA_Abort_IT)
    HAL_FLASHEx_Erase                        0x0800122d   Thumb Code   168  stm32f1xx_hal_flash_ex.o(i.HAL_FLASHEx_Erase)
    HAL_FLASH_Lock                           0x080012dd   Thumb Code    16  stm32f1xx_hal_flash.o(i.HAL_FLASH_Lock)
    HAL_FLASH_Program                        0x080012f1   Thumb Code   168  stm32f1xx_hal_flash.o(i.HAL_FLASH_Program)
    HAL_FLASH_Unlock                         0x080013a1   Thumb Code    36  stm32f1xx_hal_flash.o(i.HAL_FLASH_Unlock)
    HAL_GPIO_EXTI_Callback                   0x080013d1   Thumb Code    78  main.o(i.HAL_GPIO_EXTI_Callback)
    HAL_GPIO_EXTI_IRQHandler                 0x08001431   Thumb Code    24  stm32f1xx_hal_gpio.o(i.HAL_GPIO_EXTI_IRQHandler)
    HAL_GPIO_Init                            0x0800144d   Thumb Code   792  stm32f1xx_hal_gpio.o(i.HAL_GPIO_Init)
    HAL_GPIO_WritePin                        0x0800178d   Thumb Code    12  stm32f1xx_hal_gpio.o(i.HAL_GPIO_WritePin)
    HAL_GetTick                              0x08001799   Thumb Code     6  stm32f1xx_hal.o(i.HAL_GetTick)
    HAL_IncTick                              0x080017a5   Thumb Code    16  stm32f1xx_hal.o(i.HAL_IncTick)
    HAL_Init                                 0x080017bd   Thumb Code    34  stm32f1xx_hal.o(i.HAL_Init)
    HAL_InitTick                             0x080017e5   Thumb Code    64  stm32f1xx_hal.o(i.HAL_InitTick)
    HAL_MspInit                              0x08001831   Thumb Code    90  stm32f1xx_hal_msp.o(i.HAL_MspInit)
    HAL_NVIC_EnableIRQ                       0x08001895   Thumb Code    32  stm32f1xx_hal_cortex.o(i.HAL_NVIC_EnableIRQ)
    HAL_NVIC_SetPriority                     0x080018b5   Thumb Code   124  stm32f1xx_hal_cortex.o(i.HAL_NVIC_SetPriority)
    HAL_NVIC_SetPriorityGrouping             0x08001931   Thumb Code    32  stm32f1xx_hal_cortex.o(i.HAL_NVIC_SetPriorityGrouping)
    HAL_PWR_PVDCallback                      0x08001959   Thumb Code     2  stm32f1xx_hal_pwr.o(i.HAL_PWR_PVDCallback)
    HAL_PWR_PVD_IRQHandler                   0x0800195d   Thumb Code    26  stm32f1xx_hal_pwr.o(i.HAL_PWR_PVD_IRQHandler)
    HAL_RCC_ClockConfig                      0x0800197d   Thumb Code   376  stm32f1xx_hal_rcc.o(i.HAL_RCC_ClockConfig)
    HAL_RCC_GetHCLKFreq                      0x08001b09   Thumb Code     6  stm32f1xx_hal_rcc.o(i.HAL_RCC_GetHCLKFreq)
    HAL_RCC_GetPCLK1Freq                     0x08001b15   Thumb Code    22  stm32f1xx_hal_rcc.o(i.HAL_RCC_GetPCLK1Freq)
    HAL_RCC_GetPCLK2Freq                     0x08001b35   Thumb Code    22  stm32f1xx_hal_rcc.o(i.HAL_RCC_GetPCLK2Freq)
    HAL_RCC_GetSysClockFreq                  0x08001b55   Thumb Code   116  stm32f1xx_hal_rcc.o(i.HAL_RCC_GetSysClockFreq)
    HAL_RCC_OscConfig                        0x08001be9   Thumb Code  1114  stm32f1xx_hal_rcc.o(i.HAL_RCC_OscConfig)
    HAL_SYSTICK_Config                       0x0800204d   Thumb Code    52  stm32f1xx_hal_cortex.o(i.HAL_SYSTICK_Config)
    HAL_UART_ErrorCallback                   0x08002081   Thumb Code     2  stm32f1xx_hal_uart.o(i.HAL_UART_ErrorCallback)
    HAL_UART_IRQHandler                      0x08002085   Thumb Code   334  stm32f1xx_hal_uart.o(i.HAL_UART_IRQHandler)
    HAL_UART_Init                            0x080021d9   Thumb Code   114  stm32f1xx_hal_uart.o(i.HAL_UART_Init)
    HAL_UART_MspInit                         0x0800224d   Thumb Code   258  usart.o(i.HAL_UART_MspInit)
    HAL_UART_Receive_IT                      0x08002365   Thumb Code   112  stm32f1xx_hal_uart.o(i.HAL_UART_Receive_IT)
    HAL_UART_RxCpltCallback                  0x080023d5   Thumb Code   102  stm32f1xx_it.o(i.HAL_UART_RxCpltCallback)
    HAL_UART_Transmit                        0x08002459   Thumb Code   210  stm32f1xx_hal_uart.o(i.HAL_UART_Transmit)
    HAL_UART_Transmit_IT                     0x0800252b   Thumb Code    88  stm32f1xx_hal_uart.o(i.HAL_UART_Transmit_IT)
    HAL_UART_TxCpltCallback                  0x08002583   Thumb Code     2  stm32f1xx_hal_uart.o(i.HAL_UART_TxCpltCallback)
    HardFault_Handler                        0x08002585   Thumb Code     4  stm32f1xx_it.o(i.HardFault_Handler)
    HttpGet                                  0x08002589   Thumb Code   128  air724_rec_data.o(i.HttpGet)
    InitHttp                                 0x08002645   Thumb Code    20  air724_rec_data.o(i.InitHttp)
    InitNetWork                              0x08002669   Thumb Code    42  air724_rec_data.o(i.InitNetWork)
    MX_GPIO_Init                             0x080026e5   Thumb Code   218  gpio.o(i.MX_GPIO_Init)
    MX_UART4_Init                            0x080027d5   Thumb Code    56  usart.o(i.MX_UART4_Init)
    MX_USART1_UART_Init                      0x08002819   Thumb Code    56  usart.o(i.MX_USART1_UART_Init)
    MemManage_Handler                        0x0800285d   Thumb Code     4  stm32f1xx_it.o(i.MemManage_Handler)
    NMI_Handler                              0x08002861   Thumb Code     4  stm32f1xx_it.o(i.NMI_Handler)
    PVD_IRQHandler                           0x08002865   Thumb Code     8  stm32f1xx_it.o(i.PVD_IRQHandler)
    PendSV_Handler                           0x0800286d   Thumb Code     2  stm32f1xx_it.o(i.PendSV_Handler)
    ResSet                                   0x08002899   Thumb Code    40  air724_rec_data.o(i.ResSet)
    SVC_Handler                              0x080028f5   Thumb Code     2  stm32f1xx_it.o(i.SVC_Handler)
    SysTick_Handler                          0x080028f7   Thumb Code     8  stm32f1xx_it.o(i.SysTick_Handler)
    SystemClock_Config                       0x080028ff   Thumb Code   102  main.o(i.SystemClock_Config)
    SystemInit                               0x08002965   Thumb Code     2  system_stm32f1xx.o(i.SystemInit)
    UART4_IRQHandler                         0x08002969   Thumb Code    10  stm32f1xx_it.o(i.UART4_IRQHandler)
    USART1_IRQHandler                        0x08002c35   Thumb Code    10  stm32f1xx_it.o(i.USART1_IRQHandler)
    UsageFault_Handler                       0x08002c45   Thumb Code     4  stm32f1xx_it.o(i.UsageFault_Handler)
    __0snprintf                              0x08002c49   Thumb Code    36  printfa.o(i.__0snprintf)
    __1snprintf                              0x08002c49   Thumb Code     0  printfa.o(i.__0snprintf)
    __2snprintf                              0x08002c49   Thumb Code     0  printfa.o(i.__0snprintf)
    __c89snprintf                            0x08002c49   Thumb Code     0  printfa.o(i.__0snprintf)
    snprintf                                 0x08002c49   Thumb Code     0  printfa.o(i.__0snprintf)
    __0sprintf                               0x08002c71   Thumb Code    34  printfa.o(i.__0sprintf)
    __1sprintf                               0x08002c71   Thumb Code     0  printfa.o(i.__0sprintf)
    __2sprintf                               0x08002c71   Thumb Code     0  printfa.o(i.__0sprintf)
    __c89sprintf                             0x08002c71   Thumb Code     0  printfa.o(i.__0sprintf)
    sprintf                                  0x08002c71   Thumb Code     0  printfa.o(i.__0sprintf)
    __0vsnprintf                             0x08002c99   Thumb Code    32  printfa.o(i.__0vsnprintf)
    __1vsnprintf                             0x08002c99   Thumb Code     0  printfa.o(i.__0vsnprintf)
    __2vsnprintf                             0x08002c99   Thumb Code     0  printfa.o(i.__0vsnprintf)
    __c89vsnprintf                           0x08002c99   Thumb Code     0  printfa.o(i.__0vsnprintf)
    vsnprintf                                0x08002c99   Thumb Code     0  printfa.o(i.__0vsnprintf)
    __ARM_common_switch8                     0x08002cbd   Thumb Code    26  hashtable.o(i.__ARM_common_switch8)
    __ARM_isinf                              0x08002cd7   Thumb Code    22  value.o(i.__ARM_isinf)
    __ARM_isnan                              0x08002ced   Thumb Code    20  value.o(i.__ARM_isnan)
    __aeabi_errno_addr                       0x08002d3d   Thumb Code     4  errno.o(i.__aeabi_errno_addr)
    __rt_errno_addr                          0x08002d3d   Thumb Code     0  errno.o(i.__aeabi_errno_addr)
    __scatterload_copy                       0x08002d45   Thumb Code    14  handlers.o(i.__scatterload_copy)
    __scatterload_null                       0x08002d53   Thumb Code     2  handlers.o(i.__scatterload_null)
    __scatterload_zeroinit                   0x08002d55   Thumb Code    14  handlers.o(i.__scatterload_zeroinit)
    _is_digit                                0x08002ec9   Thumb Code    14  scanf_fp.o(i._is_digit)
    ask_device_code                          0x08003641   Thumb Code    52  main.o(i.ask_device_code)
    delay_ms                                 0x080036f3   Thumb Code    14  air724_rec_data.o(i.delay_ms)
    delay_ms_break                           0x08003701   Thumb Code    56  air724_rec_data.o(i.delay_ms_break)
    free                                     0x080037f9   Thumb Code    76  malloc.o(i.free)
    hashtable_close                          0x0800398d   Thumb Code    16  hashtable.o(i.hashtable_close)
    hashtable_get                            0x08003a71   Thumb Code    58  hashtable.o(i.hashtable_get)
    hashtable_init                           0x08003ab1   Thumb Code    72  hashtable.o(i.hashtable_init)
    hashtable_iter                           0x08003af9   Thumb Code    12  hashtable.o(i.hashtable_iter)
    hashtable_iter_key                       0x08003b05   Thumb Code     4  hashtable.o(i.hashtable_iter_key)
    hashtable_iter_next                      0x08003b09   Thumb Code    14  hashtable.o(i.hashtable_iter_next)
    hashtable_iter_value                     0x08003b17   Thumb Code     4  hashtable.o(i.hashtable_iter_value)
    hashtable_set                            0x08003b1d   Thumb Code   168  hashtable.o(i.hashtable_set)
    heartbeat                                0x08003bc9   Thumb Code   178  main.o(i.heartbeat)
    http_deal                                0x08003ce5   Thumb Code   196  main.o(i.http_deal)
    init_network                             0x08003dc9   Thumb Code   180  main.o(i.init_network)
    json_array                               0x08003f0f   Thumb Code    54  value.o(i.json_array)
    json_array_append_new                    0x08003f45   Thumb Code    68  value.o(i.json_array_append_new)
    json_array_get                           0x08003f8d   Thumb Code    28  value.o(i.json_array_get)
    json_array_size                          0x08003ff5   Thumb Code    18  value.o(i.json_array_size)
    json_delete                              0x0800404f   Thumb Code    84  value.o(i.json_delete)
    json_false                               0x080040a5   Thumb Code     4  value.o(i.json_false)
    json_integer                             0x080040cd   Thumb Code    28  value.o(i.json_integer)
    json_integer_value                       0x080040e9   Thumb Code    24  value.o(i.json_integer_value)
    json_loads                               0x08004101   Thumb Code    82  load.o(i.json_loads)
    json_null                                0x08004175   Thumb Code     4  value.o(i.json_null)
    json_number_value                        0x0800417d   Thumb Code    38  value.o(i.json_number_value)
    json_object                              0x080041a5   Thumb Code    70  value.o(i.json_object)
    json_object_get                          0x080041f1   Thumb Code    28  value.o(i.json_object_get)
    json_object_iter                         0x0800420d   Thumb Code    24  value.o(i.json_object_iter)
    json_object_iter_key                     0x08004225   Thumb Code    12  value.o(i.json_object_iter_key)
    json_object_iter_next                    0x08004231   Thumb Code    28  value.o(i.json_object_iter_next)
    json_object_iter_value                   0x0800424d   Thumb Code    12  value.o(i.json_object_iter_value)
    json_object_key_to_iter                  0x08004259   Thumb Code     8  value.o(i.json_object_key_to_iter)
    json_object_seed                         0x08004261   Thumb Code    34  hashtable_seed.o(i.json_object_seed)
    json_object_set_new_nocheck              0x08004289   Thumb Code    58  value.o(i.json_object_set_new_nocheck)
    json_object_size                         0x080042c9   Thumb Code    18  value.o(i.json_object_size)
    json_real                                0x080042db   Thumb Code    52  value.o(i.json_real)
    json_real_value                          0x0800430f   Thumb Code    24  value.o(i.json_real_value)
    json_string_length                       0x08004327   Thumb Code    18  value.o(i.json_string_length)
    json_string_value                        0x08004339   Thumb Code    18  value.o(i.json_string_value)
    json_true                                0x0800434d   Thumb Code     4  value.o(i.json_true)
    json_unpack                              0x08004355   Thumb Code    26  pack_unpack.o(i.json_unpack)
    json_vunpack_ex                          0x08004371   Thumb Code   144  pack_unpack.o(i.json_vunpack_ex)
    jsonp_error_init                         0x08004461   Thumb Code    34  error.o(i.jsonp_error_init)
    jsonp_error_set                          0x08004483   Thumb Code    16  error.o(i.jsonp_error_set)
    jsonp_error_set_source                   0x08004495   Thumb Code    56  error.o(i.jsonp_error_set_source)
    jsonp_error_vset                         0x080044d1   Thumb Code    44  error.o(i.jsonp_error_vset)
    jsonp_free                               0x080044fd   Thumb Code    12  memory.o(i.jsonp_free)
    jsonp_malloc                             0x0800450d   Thumb Code    12  memory.o(i.jsonp_malloc)
    jsonp_stringn_nocheck_own                0x0800451d   Thumb Code    10  value.o(i.jsonp_stringn_nocheck_own)
    jsonp_strndup                            0x08004527   Thumb Code    36  memory.o(i.jsonp_strndup)
    jsonp_strtod                             0x0800454d   Thumb Code    90  strconv.o(i.jsonp_strtod)
    main                                     0x08004bc1   Thumb Code   154  main.o(i.main)
    malloc                                   0x08004ce1   Thumb Code    92  malloc.o(i.malloc)
    readFlash                                0x080051c9   Thumb Code    26  air724_rec_data.o(i.readFlash)
    read_rec                                 0x080051e9   Thumb Code    92  air724_rec_data.o(i.read_rec)
    seed_from_timestamp_and_pid              0x0800527d   Thumb Code     6  jansson_config.o(i.seed_from_timestamp_and_pid)
    send_at_cmd                              0x08005283   Thumb Code    22  air724_rec_data.o(i.send_at_cmd)
    send_at_cmd_ret                          0x08005299   Thumb Code   116  air724_rec_data.o(i.send_at_cmd_ret)
    strbuffer_append_byte                    0x08005341   Thumb Code    12  strbuffer.o(i.strbuffer_append_byte)
    strbuffer_append_bytes                   0x0800534d   Thumb Code   108  strbuffer.o(i.strbuffer_append_bytes)
    strbuffer_clear                          0x080053bd   Thumb Code    10  strbuffer.o(i.strbuffer_clear)
    strbuffer_close                          0x080053c7   Thumb Code    24  strbuffer.o(i.strbuffer_close)
    strbuffer_init                           0x080053df   Thumb Code    34  strbuffer.o(i.strbuffer_init)
    strbuffer_pop                            0x08005401   Thumb Code    24  strbuffer.o(i.strbuffer_pop)
    strbuffer_value                          0x08005419   Thumb Code     4  strbuffer.o(i.strbuffer_value)
    strtod                                   0x080055a1   Thumb Code    28  strtod.o(i.strtod)
    utf8_check_first                         0x08005d75   Thumb Code    60  utf.o(i.utf8_check_first)
    utf8_check_full                          0x08005db1   Thumb Code   126  utf.o(i.utf8_check_full)
    utf8_encode                              0x08005e39   Thumb Code   120  utf.o(i.utf8_encode)
    work_open                                0x08005eb5   Thumb Code    96  main.o(i.work_open)
    writeFlash                               0x08005f41   Thumb Code   112  air724_rec_data.o(i.writeFlash)
    write_rec                                0x08005fb5   Thumb Code   120  air724_rec_data.o(i.write_rec)
    AHBPrescTable                            0x0800603c   Data          16  system_stm32f1xx.o(.constdata)
    APBPrescTable                            0x0800604c   Data           8  system_stm32f1xx.o(.constdata)
    __ctype_table                            0x08006080   Data         129  ctype_o.o(.constdata)
    Region$$Table$$Base                      0x08006148   Number         0  anon$$obj.o(Region$$Table)
    Region$$Table$$Limit                     0x08006168   Number         0  anon$$obj.o(Region$$Table)
    bind_click                               0x20000000   Data           4  main.o(.data)
    button_count                             0x20000004   Data           4  main.o(.data)
    heabit_delay                             0x20000008   Data           4  main.o(.data)
    open_delay                               0x2000000c   Data           4  main.o(.data)
    is_init_ok                               0x20000010   Data           1  main.o(.data)
    is_ask_device_code                       0x20000011   Data           1  main.o(.data)
    error_count                              0x20000014   Data           4  main.o(.data)
    is_break                                 0x20000018   Data           1  main.o(.data)
    is_button_down                           0x20000019   Data           1  main.o(.data)
    data                                     0x2000001a   Data           1  usart.o(.data)
    count                                    0x2000001c   Data           4  stm32f1xx_it.o(.data)
    rec_data_count                           0x20000020   Data           4  air724_rec_data.o(.data)
    rec_line_index                           0x20000024   Data           4  air724_rec_data.o(.data)
    rec_read_index                           0x20000028   Data           4  air724_rec_data.o(.data)
    uwTick                                   0x2000002c   Data           4  stm32f1xx_hal.o(.data)
    uwTickPrio                               0x20000030   Data           4  stm32f1xx_hal.o(.data)
    uwTickFreq                               0x20000034   Data           1  stm32f1xx_hal.o(.data)
    SystemCoreClock                          0x20000038   Data           4  system_stm32f1xx.o(.data)
    hashtable_seed                           0x2000005c   Data           4  hashtable_seed.o(.data)
    __microlib_freelist                      0x20000064   Data           4  mvars.o(.data)
    __microlib_freelist_initialised          0x20000068   Data           4  mvars.o(.data)
    device_code                              0x2000006c   Data          16  main.o(.bss)
    sever_token                              0x2000007c   Data         128  main.o(.bss)
    huart4                                   0x200000fc   Data          64  usart.o(.bss)
    huart1                                   0x2000013c   Data          64  usart.o(.bss)
    ret_cmd                                  0x2000017c   Data         128  stm32f1xx_it.o(.bss)
    rec_data                                 0x200001fc   Data         129  air724_rec_data.o(.bss)
    rec_line                                 0x2000027d   Data         774  air724_rec_data.o(.bss)
    pFlash                                   0x20000588   Data          32  stm32f1xx_hal_flash.o(.bss)
    __heap_base                              0x200005a8   Data           0  startup_stm32f103xe.o(HEAP)
    __heap_limit                             0x20000ca8   Data           0  startup_stm32f103xe.o(HEAP)
    __initial_sp                             0x200011a8   Data           0  startup_stm32f103xe.o(STACK)



==============================================================================

Memory Map of the image

  Image Entry point : 0x08000131

  Load Region LR_IROM1 (Base: 0x08000000, Size: 0x000061d4, Max: 0x00080000, ABSOLUTE)

    Execution Region ER_IROM1 (Base: 0x08000000, Size: 0x00006168, Max: 0x00080000, ABSOLUTE)

    Base Addr    Size         Type   Attr      Idx    E Section Name        Object

    0x08000000   0x00000130   Data   RO            3    RESET               startup_stm32f103xe.o
    0x08000130   0x00000000   Code   RO         3152  * .ARM.Collect$$$$00000000  mc_w.l(entry.o)
    0x08000130   0x00000004   Code   RO         3507    .ARM.Collect$$$$00000001  mc_w.l(entry2.o)
    0x08000134   0x00000004   Code   RO         3510    .ARM.Collect$$$$00000004  mc_w.l(entry5.o)
    0x08000138   0x00000000   Code   RO         3512    .ARM.Collect$$$$00000008  mc_w.l(entry7b.o)
    0x08000138   0x00000000   Code   RO         3514    .ARM.Collect$$$$0000000A  mc_w.l(entry8b.o)
    0x08000138   0x00000008   Code   RO         3515    .ARM.Collect$$$$0000000B  mc_w.l(entry9a.o)
    0x08000140   0x00000000   Code   RO         3517    .ARM.Collect$$$$0000000D  mc_w.l(entry10a.o)
    0x08000140   0x00000000   Code   RO         3519    .ARM.Collect$$$$0000000F  mc_w.l(entry11a.o)
    0x08000140   0x00000004   Code   RO         3508    .ARM.Collect$$$$00002712  mc_w.l(entry2.o)
    0x08000144   0x00000024   Code   RO            4    .text               startup_stm32f103xe.o
    0x08000168   0x0000002c   Code   RO         3171    .text               mc_w.l(uidiv.o)
    0x08000194   0x00000020   Code   RO         3173    .text               mc_w.l(llushr.o)
    0x080001b4   0x00000040   Code   RO         3179    .text               mc_w.l(memmovea.o)
    0x080001f4   0x00000024   Code   RO         3181    .text               mc_w.l(memseta.o)
    0x08000218   0x00000018   Code   RO         3183    .text               mc_w.l(strcat.o)
    0x08000230   0x00000024   Code   RO         3185    .text               mc_w.l(strstr.o)
    0x08000254   0x00000014   Code   RO         3187    .text               mc_w.l(strchr.o)
    0x08000268   0x0000000e   Code   RO         3189    .text               mc_w.l(strlen.o)
    0x08000276   0x0000001c   Code   RO         3191    .text               mc_w.l(strcmp.o)
    0x08000292   0x00000014   Code   RO         3193    .text               mc_w.l(memchr.o)
    0x080002a6   0x00000012   Code   RO         3197    .text               mc_w.l(strcpy.o)
    0x080002b8   0x00000004   Code   RO         3501    .text               mc_w.l(strtoll.o)
    0x080002bc   0x00000028   Code   RO         3503    .text               mf_w.l(dfltl.o)
    0x080002e4   0x00000030   Code   RO         3505    .text               mf_w.l(cdcmple.o)
    0x08000314   0x00000062   Code   RO         3525    .text               mc_w.l(uldiv.o)
    0x08000376   0x00000002   PAD
    0x08000378   0x0000009c   Code   RO         3529    .text               mc_w.l(strtod.o)
    0x08000414   0x00000090   Code   RO         3531    .text               mc_w.l(__strtoll.o)
    0x080004a4   0x00000000   Code   RO         3533    .text               mc_w.l(iusefp.o)
    0x080004a4   0x000000ba   Code   RO         3535    .text               mf_w.l(depilogue.o)
    0x0800055e   0x0000014e   Code   RO         3537    .text               mf_w.l(dadd.o)
    0x080006ac   0x000000e4   Code   RO         3539    .text               mf_w.l(dmul.o)
    0x08000790   0x000000de   Code   RO         3541    .text               mf_w.l(ddiv.o)
    0x0800086e   0x00000030   Code   RO         3543    .text               mf_w.l(dfixul.o)
    0x0800089e   0x00000002   PAD
    0x080008a0   0x00000030   Code   RO         3545    .text               mf_w.l(cdrcmple.o)
    0x080008d0   0x00000024   Code   RO         3547    .text               mc_w.l(init.o)
    0x080008f4   0x0000001e   Code   RO         3549    .text               mc_w.l(llshl.o)
    0x08000912   0x00000024   Code   RO         3551    .text               mc_w.l(llsshr.o)
    0x08000936   0x00000002   PAD
    0x08000938   0x00000008   Code   RO         3555    .text               mc_w.l(ctype_o.o)
    0x08000940   0x00000012   Code   RO         3577    .text               mc_w.l(isspace_o.o)
    0x08000952   0x00000002   PAD
    0x08000954   0x00000338   Code   RO         3583    .text               mc_w.l(scanf_fp.o)
    0x08000c8c   0x00000040   Code   RO         3587    .text               mc_w.l(_sgetc.o)
    0x08000ccc   0x000000c2   Code   RO         3589    .text               mc_w.l(_strtoull.o)
    0x08000d8e   0x0000001c   Code   RO         3595    .text               mc_w.l(_chval.o)
    0x08000daa   0x00000018   Code   RO         3597    .text               mf_w.l(dfltul.o)
    0x08000dc2   0x00000038   Code   RO         3599    .text               mf_w.l(d2f.o)
    0x08000dfa   0x0000006e   Code   RO         3601    .text               mf_w.l(fepilogue.o)
    0x08000e68   0x00000004   Code   RO          270    i.BusFault_Handler  stm32f1xx_it.o
    0x08000e6c   0x00000002   Code   RO          271    i.DebugMon_Handler  stm32f1xx_it.o
    0x08000e6e   0x00000014   Code   RO          272    i.EXTI15_10_IRQHandler  stm32f1xx_it.o
    0x08000e82   0x00000006   Code   RO           13    i.Error_Handler     main.o
    0x08000e88   0x00000028   Code   RO         1796    i.FLASH_MassErase   stm32f1xx_hal_flash_ex.o
    0x08000eb0   0x00000028   Code   RO         1805    i.FLASH_PageErase   stm32f1xx_hal_flash_ex.o
    0x08000ed8   0x00000020   Code   RO         1693    i.FLASH_Program_HalfWord  stm32f1xx_hal_flash.o
    0x08000ef8   0x00000084   Code   RO         1694    i.FLASH_SetErrorCode  stm32f1xx_hal_flash.o
    0x08000f7c   0x00000070   Code   RO         1695    i.FLASH_WaitForLastOperation  stm32f1xx_hal_flash.o
    0x08000fec   0x0000006c   Code   RO          404    i.GetNetWorkState   air724_rec_data.o
    0x08001058   0x0000002c   Code   RO          405    i.GetSimState       air724_rec_data.o
    0x08001084   0x000001a8   Code   RO         1353    i.HAL_DMA_Abort_IT  stm32f1xx_hal_dma.o
    0x0800122c   0x000000b0   Code   RO         1806    i.HAL_FLASHEx_Erase  stm32f1xx_hal_flash_ex.o
    0x080012dc   0x00000014   Code   RO         1699    i.HAL_FLASH_Lock    stm32f1xx_hal_flash.o
    0x080012f0   0x000000b0   Code   RO         1704    i.HAL_FLASH_Program  stm32f1xx_hal_flash.o
    0x080013a0   0x00000030   Code   RO         1706    i.HAL_FLASH_Unlock  stm32f1xx_hal_flash.o
    0x080013d0   0x00000060   Code   RO           14    i.HAL_GPIO_EXTI_Callback  main.o
    0x08001430   0x0000001c   Code   RO         1287    i.HAL_GPIO_EXTI_IRQHandler  stm32f1xx_hal_gpio.o
    0x0800144c   0x00000340   Code   RO         1288    i.HAL_GPIO_Init     stm32f1xx_hal_gpio.o
    0x0800178c   0x0000000c   Code   RO         1292    i.HAL_GPIO_WritePin  stm32f1xx_hal_gpio.o
    0x08001798   0x0000000c   Code   RO          979    i.HAL_GetTick       stm32f1xx_hal.o
    0x080017a4   0x00000018   Code   RO          985    i.HAL_IncTick       stm32f1xx_hal.o
    0x080017bc   0x00000028   Code   RO          986    i.HAL_Init          stm32f1xx_hal.o
    0x080017e4   0x0000004c   Code   RO          987    i.HAL_InitTick      stm32f1xx_hal.o
    0x08001830   0x00000064   Code   RO          380    i.HAL_MspInit       stm32f1xx_hal_msp.o
    0x08001894   0x00000020   Code   RO         1448    i.HAL_NVIC_EnableIRQ  stm32f1xx_hal_cortex.o
    0x080018b4   0x0000007c   Code   RO         1454    i.HAL_NVIC_SetPriority  stm32f1xx_hal_cortex.o
    0x08001930   0x00000028   Code   RO         1455    i.HAL_NVIC_SetPriorityGrouping  stm32f1xx_hal_cortex.o
    0x08001958   0x00000002   Code   RO         1583    i.HAL_PWR_PVDCallback  stm32f1xx_hal_pwr.o
    0x0800195a   0x00000002   PAD
    0x0800195c   0x00000020   Code   RO         1584    i.HAL_PWR_PVD_IRQHandler  stm32f1xx_hal_pwr.o
    0x0800197c   0x0000018c   Code   RO         1143    i.HAL_RCC_ClockConfig  stm32f1xx_hal_rcc.o
    0x08001b08   0x0000000c   Code   RO         1148    i.HAL_RCC_GetHCLKFreq  stm32f1xx_hal_rcc.o
    0x08001b14   0x00000020   Code   RO         1150    i.HAL_RCC_GetPCLK1Freq  stm32f1xx_hal_rcc.o
    0x08001b34   0x00000020   Code   RO         1151    i.HAL_RCC_GetPCLK2Freq  stm32f1xx_hal_rcc.o
    0x08001b54   0x00000094   Code   RO         1152    i.HAL_RCC_GetSysClockFreq  stm32f1xx_hal_rcc.o
    0x08001be8   0x00000464   Code   RO         1155    i.HAL_RCC_OscConfig  stm32f1xx_hal_rcc.o
    0x0800204c   0x00000034   Code   RO         1459    i.HAL_SYSTICK_Config  stm32f1xx_hal_cortex.o
    0x08002080   0x00000002   Code   RO          658    i.HAL_UART_ErrorCallback  stm32f1xx_hal_uart.o
    0x08002082   0x00000002   PAD
    0x08002084   0x00000154   Code   RO          661    i.HAL_UART_IRQHandler  stm32f1xx_hal_uart.o
    0x080021d8   0x00000072   Code   RO          662    i.HAL_UART_Init     stm32f1xx_hal_uart.o
    0x0800224a   0x00000002   PAD
    0x0800224c   0x00000118   Code   RO          222    i.HAL_UART_MspInit  usart.o
    0x08002364   0x00000070   Code   RO          667    i.HAL_UART_Receive_IT  stm32f1xx_hal_uart.o
    0x080023d4   0x00000084   Code   RO          273    i.HAL_UART_RxCpltCallback  stm32f1xx_it.o
    0x08002458   0x000000d2   Code   RO          670    i.HAL_UART_Transmit  stm32f1xx_hal_uart.o
    0x0800252a   0x00000058   Code   RO          672    i.HAL_UART_Transmit_IT  stm32f1xx_hal_uart.o
    0x08002582   0x00000002   Code   RO          673    i.HAL_UART_TxCpltCallback  stm32f1xx_hal_uart.o
    0x08002584   0x00000004   Code   RO          274    i.HardFault_Handler  stm32f1xx_it.o
    0x08002588   0x000000bc   Code   RO          406    i.HttpGet           air724_rec_data.o
    0x08002644   0x00000024   Code   RO          407    i.InitHttp          air724_rec_data.o
    0x08002668   0x0000007c   Code   RO          408    i.InitNetWork       air724_rec_data.o
    0x080026e4   0x000000f0   Code   RO          197    i.MX_GPIO_Init      gpio.o
    0x080027d4   0x00000044   Code   RO          223    i.MX_UART4_Init     usart.o
    0x08002818   0x00000044   Code   RO          224    i.MX_USART1_UART_Init  usart.o
    0x0800285c   0x00000004   Code   RO          275    i.MemManage_Handler  stm32f1xx_it.o
    0x08002860   0x00000004   Code   RO          276    i.NMI_Handler       stm32f1xx_it.o
    0x08002864   0x00000008   Code   RO          277    i.PVD_IRQHandler    stm32f1xx_it.o
    0x0800286c   0x00000002   Code   RO          278    i.PendSV_Handler    stm32f1xx_it.o
    0x0800286e   0x00000002   PAD
    0x08002870   0x00000028   Code   RO         1156    i.RCC_Delay         stm32f1xx_hal_rcc.o
    0x08002898   0x0000005c   Code   RO          409    i.ResSet            air724_rec_data.o
    0x080028f4   0x00000002   Code   RO          279    i.SVC_Handler       stm32f1xx_it.o
    0x080028f6   0x00000008   Code   RO          280    i.SysTick_Handler   stm32f1xx_it.o
    0x080028fe   0x00000066   Code   RO           15    i.SystemClock_Config  main.o
    0x08002964   0x00000002   Code   RO         1975    i.SystemInit        system_stm32f1xx.o
    0x08002966   0x00000002   PAD
    0x08002968   0x00000010   Code   RO          281    i.UART4_IRQHandler  stm32f1xx_it.o
    0x08002978   0x00000014   Code   RO          675    i.UART_DMAAbortOnError  stm32f1xx_hal_uart.o
    0x0800298c   0x00000020   Code   RO          685    i.UART_EndRxTransfer  stm32f1xx_hal_uart.o
    0x080029ac   0x00000020   Code   RO          686    i.UART_EndTransmit_IT  stm32f1xx_hal_uart.o
    0x080029cc   0x000000a0   Code   RO          688    i.UART_Receive_IT   stm32f1xx_hal_uart.o
    0x08002a6c   0x000000fc   Code   RO          689    i.UART_SetConfig    stm32f1xx_hal_uart.o
    0x08002b68   0x00000060   Code   RO          690    i.UART_Transmit_IT  stm32f1xx_hal_uart.o
    0x08002bc8   0x0000006c   Code   RO          691    i.UART_WaitOnFlagUntilTimeout  stm32f1xx_hal_uart.o
    0x08002c34   0x00000010   Code   RO          282    i.USART1_IRQHandler  stm32f1xx_it.o
    0x08002c44   0x00000004   Code   RO          283    i.UsageFault_Handler  stm32f1xx_it.o
    0x08002c48   0x00000028   Code   RO         3439    i.__0snprintf       mc_w.l(printfa.o)
    0x08002c70   0x00000028   Code   RO         3440    i.__0sprintf        mc_w.l(printfa.o)
    0x08002c98   0x00000024   Code   RO         3443    i.__0vsnprintf      mc_w.l(printfa.o)
    0x08002cbc   0x0000001a   Code   RO         2917    i.__ARM_common_switch8  jansson_CM3LE.lib(hashtable.o)
    0x08002cd6   0x00000016   Code   RO         2698    i.__ARM_isinf       jansson_CM3LE.lib(value.o)
    0x08002cec   0x00000018   Code   RO         2703    i.__ARM_isnan       jansson_CM3LE.lib(value.o)
    0x08002d04   0x00000010   Code   RO         1461    i.__NVIC_GetPriorityGrouping  stm32f1xx_hal_cortex.o
    0x08002d14   0x00000028   Code   RO         1462    i.__NVIC_SetPriority  stm32f1xx_hal_cortex.o
    0x08002d3c   0x00000008   Code   RO         3494    i.__aeabi_errno_addr  mc_w.l(errno.o)
    0x08002d44   0x0000000e   Code   RO         3605    i.__scatterload_copy  mc_w.l(handlers.o)
    0x08002d52   0x00000002   Code   RO         3606    i.__scatterload_null  mc_w.l(handlers.o)
    0x08002d54   0x0000000e   Code   RO         3607    i.__scatterload_zeroinit  mc_w.l(handlers.o)
    0x08002d62   0x00000002   PAD
    0x08002d64   0x00000164   Code   RO         3445    i._fp_digits        mc_w.l(printfa.o)
    0x08002ec8   0x0000000e   Code   RO         3585    i._is_digit         mc_w.l(scanf_fp.o)
    0x08002ed6   0x00000002   PAD
    0x08002ed8   0x000006dc   Code   RO         3446    i._printf_core      mc_w.l(printfa.o)
    0x080035b4   0x00000024   Code   RO         3447    i._printf_post_padding  mc_w.l(printfa.o)
    0x080035d8   0x0000002e   Code   RO         3448    i._printf_pre_padding  mc_w.l(printfa.o)
    0x08003606   0x00000016   Code   RO         3449    i._snputc           mc_w.l(printfa.o)
    0x0800361c   0x0000000a   Code   RO         3450    i._sputc            mc_w.l(printfa.o)
    0x08003626   0x00000018   Code   RO         2352    i.array_copy        jansson_CM3LE.lib(value.o)
    0x0800363e   0x00000002   PAD
    0x08003640   0x00000050   Code   RO           16    i.ask_device_code   main.o
    0x08003690   0x00000016   Code   RO         2792    i.bucket_is_empty   jansson_CM3LE.lib(hashtable.o)
    0x080036a6   0x0000004c   Code   RO         2022    i.decode_unicode_escape  jansson_CM3LE.lib(load.o)
    0x080036f2   0x0000000e   Code   RO          410    i.delay_ms          air724_rec_data.o
    0x08003700   0x00000038   Code   RO          411    i.delay_ms_break    air724_rec_data.o
    0x08003738   0x000000c0   Code   RO         2023    i.error_set         jansson_CM3LE.lib(load.o)
    0x080037f8   0x00000050   Code   RO         3466    i.free              mc_w.l(malloc.o)
    0x08003848   0x00000144   Code   RO         2793    i.hashlittle        jansson_CM3LE.lib(hashtable.o)
    0x0800398c   0x00000010   Code   RO         2795    i.hashtable_close   jansson_CM3LE.lib(hashtable.o)
    0x0800399c   0x00000022   Code   RO         2797    i.hashtable_do_clear  jansson_CM3LE.lib(hashtable.o)
    0x080039be   0x00000076   Code   RO         2799    i.hashtable_do_rehash  jansson_CM3LE.lib(hashtable.o)
    0x08003a34   0x0000003c   Code   RO         2800    i.hashtable_find_pair  jansson_CM3LE.lib(hashtable.o)
    0x08003a70   0x00000040   Code   RO         2801    i.hashtable_get     jansson_CM3LE.lib(hashtable.o)
    0x08003ab0   0x00000048   Code   RO         2802    i.hashtable_init    jansson_CM3LE.lib(hashtable.o)
    0x08003af8   0x0000000c   Code   RO         2803    i.hashtable_iter    jansson_CM3LE.lib(hashtable.o)
    0x08003b04   0x00000004   Code   RO         2805    i.hashtable_iter_key  jansson_CM3LE.lib(hashtable.o)
    0x08003b08   0x0000000e   Code   RO         2806    i.hashtable_iter_next  jansson_CM3LE.lib(hashtable.o)
    0x08003b16   0x00000004   Code   RO         2809    i.hashtable_iter_value  jansson_CM3LE.lib(hashtable.o)
    0x08003b1a   0x00000002   PAD
    0x08003b1c   0x000000ac   Code   RO         2810    i.hashtable_set     jansson_CM3LE.lib(hashtable.o)
    0x08003bc8   0x0000011c   Code   RO           17    i.heartbeat         main.o
    0x08003ce4   0x000000e4   Code   RO           18    i.http_deal         main.o
    0x08003dc8   0x0000011c   Code   RO           19    i.init_network      main.o
    0x08003ee4   0x0000002a   Code   RO         2811    i.insert_to_bucket  jansson_CM3LE.lib(hashtable.o)
    0x08003f0e   0x00000036   Code   RO         2354    i.json_array        jansson_CM3LE.lib(value.o)
    0x08003f44   0x00000048   Code   RO         2355    i.json_array_append_new  jansson_CM3LE.lib(value.o)
    0x08003f8c   0x0000001c   Code   RO         2358    i.json_array_get    jansson_CM3LE.lib(value.o)
    0x08003fa8   0x0000004c   Code   RO         2359    i.json_array_grow   jansson_CM3LE.lib(value.o)
    0x08003ff4   0x00000012   Code   RO         2363    i.json_array_size   jansson_CM3LE.lib(value.o)
    0x08004006   0x00000018   Code   RO         2024    i.json_decref       jansson_CM3LE.lib(load.o)
    0x0800401e   0x00000018   Code   RO         2365    i.json_decref       jansson_CM3LE.lib(value.o)
    0x08004036   0x00000018   Code   RO         2812    i.json_decref       jansson_CM3LE.lib(hashtable.o)
    0x0800404e   0x00000054   Code   RO         2367    i.json_delete       jansson_CM3LE.lib(value.o)
    0x080040a2   0x00000002   PAD
    0x080040a4   0x00000008   Code   RO         2369    i.json_false        jansson_CM3LE.lib(value.o)
    0x080040ac   0x00000010   Code   RO         2025    i.json_incref       jansson_CM3LE.lib(load.o)
    0x080040bc   0x00000010   Code   RO         2218    i.json_incref       jansson_CM3LE.lib(pack_unpack.o)
    0x080040cc   0x0000001c   Code   RO         2371    i.json_integer      jansson_CM3LE.lib(value.o)
    0x080040e8   0x00000018   Code   RO         2373    i.json_integer_value  jansson_CM3LE.lib(value.o)
    0x08004100   0x00000074   Code   RO         2030    i.json_loads        jansson_CM3LE.lib(load.o)
    0x08004174   0x00000008   Code   RO         2374    i.json_null         jansson_CM3LE.lib(value.o)
    0x0800417c   0x00000026   Code   RO         2375    i.json_number_value  jansson_CM3LE.lib(value.o)
    0x080041a2   0x00000002   PAD
    0x080041a4   0x0000004c   Code   RO         2376    i.json_object       jansson_CM3LE.lib(value.o)
    0x080041f0   0x0000001c   Code   RO         2381    i.json_object_get   jansson_CM3LE.lib(value.o)
    0x0800420c   0x00000018   Code   RO         2382    i.json_object_iter  jansson_CM3LE.lib(value.o)
    0x08004224   0x0000000c   Code   RO         2384    i.json_object_iter_key  jansson_CM3LE.lib(value.o)
    0x08004230   0x0000001c   Code   RO         2385    i.json_object_iter_next  jansson_CM3LE.lib(value.o)
    0x0800424c   0x0000000c   Code   RO         2387    i.json_object_iter_value  jansson_CM3LE.lib(value.o)
    0x08004258   0x00000008   Code   RO         2388    i.json_object_key_to_iter  jansson_CM3LE.lib(value.o)
    0x08004260   0x00000028   Code   RO         3130    i.json_object_seed  jansson_CM3LE.lib(hashtable_seed.o)
    0x08004288   0x00000040   Code   RO         2390    i.json_object_set_new_nocheck  jansson_CM3LE.lib(value.o)
    0x080042c8   0x00000012   Code   RO         2392    i.json_object_size  jansson_CM3LE.lib(value.o)
    0x080042da   0x00000034   Code   RO         2396    i.json_real         jansson_CM3LE.lib(value.o)
    0x0800430e   0x00000018   Code   RO         2398    i.json_real_value   jansson_CM3LE.lib(value.o)
    0x08004326   0x00000012   Code   RO         2401    i.json_string_length  jansson_CM3LE.lib(value.o)
    0x08004338   0x00000012   Code   RO         2407    i.json_string_value  jansson_CM3LE.lib(value.o)
    0x0800434a   0x00000002   PAD
    0x0800434c   0x00000008   Code   RO         2410    i.json_true         jansson_CM3LE.lib(value.o)
    0x08004354   0x0000001a   Code   RO         2221    i.json_unpack       jansson_CM3LE.lib(pack_unpack.o)
    0x0800436e   0x00000002   PAD
    0x08004370   0x000000f0   Code   RO         2224    i.json_vunpack_ex   jansson_CM3LE.lib(pack_unpack.o)
    0x08004460   0x00000022   Code   RO         2747    i.jsonp_error_init  jansson_CM3LE.lib(error.o)
    0x08004482   0x00000010   Code   RO         2748    i.jsonp_error_set   jansson_CM3LE.lib(error.o)
    0x08004492   0x00000002   PAD
    0x08004494   0x0000003c   Code   RO         2749    i.jsonp_error_set_source  jansson_CM3LE.lib(error.o)
    0x080044d0   0x0000002c   Code   RO         2750    i.jsonp_error_vset  jansson_CM3LE.lib(error.o)
    0x080044fc   0x00000010   Code   RO         2952    i.jsonp_free        jansson_CM3LE.lib(memory.o)
    0x0800450c   0x00000010   Code   RO         2953    i.jsonp_malloc      jansson_CM3LE.lib(memory.o)
    0x0800451c   0x0000000a   Code   RO         2411    i.jsonp_stringn_nocheck_own  jansson_CM3LE.lib(value.o)
    0x08004526   0x00000024   Code   RO         2955    i.jsonp_strndup     jansson_CM3LE.lib(memory.o)
    0x0800454a   0x00000002   PAD
    0x0800454c   0x00000064   Code   RO         3058    i.jsonp_strtod      jansson_CM3LE.lib(strconv.o)
    0x080045b0   0x0000001c   Code   RO         2031    i.lex_close         jansson_CM3LE.lib(load.o)
    0x080045cc   0x00000012   Code   RO         2032    i.lex_free_string   jansson_CM3LE.lib(load.o)
    0x080045de   0x00000008   Code   RO         2033    i.lex_get           jansson_CM3LE.lib(load.o)
    0x080045e6   0x0000001e   Code   RO         2034    i.lex_get_save      jansson_CM3LE.lib(load.o)
    0x08004604   0x00000030   Code   RO         2035    i.lex_init          jansson_CM3LE.lib(load.o)
    0x08004634   0x0000000c   Code   RO         2036    i.lex_save          jansson_CM3LE.lib(load.o)
    0x08004640   0x00000138   Code   RO         2037    i.lex_scan          jansson_CM3LE.lib(load.o)
    0x08004778   0x0000018c   Code   RO         2038    i.lex_scan_number   jansson_CM3LE.lib(load.o)
    0x08004904   0x00000288   Code   RO         2039    i.lex_scan_string   jansson_CM3LE.lib(load.o)
    0x08004b8c   0x00000026   Code   RO         2040    i.lex_unget_unsave  jansson_CM3LE.lib(load.o)
    0x08004bb2   0x0000000e   Code   RO         2813    i.list_insert       jansson_CM3LE.lib(hashtable.o)
    0x08004bc0   0x00000120   Code   RO           20    i.main              main.o
    0x08004ce0   0x0000006c   Code   RO         3467    i.malloc            mc_w.l(malloc.o)
    0x08004d4c   0x00000080   Code   RO         2225    i.next_token        jansson_CM3LE.lib(pack_unpack.o)
    0x08004dcc   0x00000094   Code   RO         2041    i.parse_array       jansson_CM3LE.lib(load.o)
    0x08004e60   0x00000094   Code   RO         2042    i.parse_json        jansson_CM3LE.lib(load.o)
    0x08004ef4   0x00000180   Code   RO         2043    i.parse_object      jansson_CM3LE.lib(load.o)
    0x08005074   0x00000140   Code   RO         2044    i.parse_value       jansson_CM3LE.lib(load.o)
    0x080051b4   0x00000014   Code   RO         2229    i.prev_token        jansson_CM3LE.lib(pack_unpack.o)
    0x080051c8   0x00000020   Code   RO          412    i.readFlash         air724_rec_data.o
    0x080051e8   0x00000068   Code   RO          413    i.read_rec          air724_rec_data.o
    0x08005250   0x0000002c   Code   RO         2231    i.scanner_init      jansson_CM3LE.lib(pack_unpack.o)
    0x0800527c   0x00000006   Code   RO         2008    i.seed_from_timestamp_and_pid  jansson_config.o
    0x08005282   0x00000016   Code   RO          414    i.send_at_cmd       air724_rec_data.o
    0x08005298   0x0000007c   Code   RO          415    i.send_at_cmd_ret   air724_rec_data.o
    0x08005314   0x0000002c   Code   RO         2232    i.set_error         jansson_CM3LE.lib(pack_unpack.o)
    0x08005340   0x0000000c   Code   RO         2998    i.strbuffer_append_byte  jansson_CM3LE.lib(strbuffer.o)
    0x0800534c   0x00000070   Code   RO         2999    i.strbuffer_append_bytes  jansson_CM3LE.lib(strbuffer.o)
    0x080053bc   0x0000000a   Code   RO         3000    i.strbuffer_clear   jansson_CM3LE.lib(strbuffer.o)
    0x080053c6   0x00000018   Code   RO         3001    i.strbuffer_close   jansson_CM3LE.lib(strbuffer.o)
    0x080053de   0x00000022   Code   RO         3002    i.strbuffer_init    jansson_CM3LE.lib(strbuffer.o)
    0x08005400   0x00000018   Code   RO         3003    i.strbuffer_pop     jansson_CM3LE.lib(strbuffer.o)
    0x08005418   0x00000004   Code   RO         3005    i.strbuffer_value   jansson_CM3LE.lib(strbuffer.o)
    0x0800541c   0x000000e4   Code   RO         2045    i.stream_get        jansson_CM3LE.lib(load.o)
    0x08005500   0x0000004a   Code   RO         2046    i.stream_unget      jansson_CM3LE.lib(load.o)
    0x0800554a   0x0000003e   Code   RO         2412    i.string_create     jansson_CM3LE.lib(value.o)
    0x08005588   0x00000018   Code   RO         2047    i.string_get        jansson_CM3LE.lib(load.o)
    0x080055a0   0x0000001c   Code   RO         3149    i.strtod            m_ws.l(strtod.o)
    0x080055bc   0x00000334   Code   RO         2233    i.unpack            jansson_CM3LE.lib(pack_unpack.o)
    0x080058f0   0x000001dc   Code   RO         2234    i.unpack_array      jansson_CM3LE.lib(pack_unpack.o)
    0x08005acc   0x000002a8   Code   RO         2235    i.unpack_object     jansson_CM3LE.lib(pack_unpack.o)
    0x08005d74   0x0000003c   Code   RO         3094    i.utf8_check_first  jansson_CM3LE.lib(utf.o)
    0x08005db0   0x00000088   Code   RO         3095    i.utf8_check_full   jansson_CM3LE.lib(utf.o)
    0x08005e38   0x0000007c   Code   RO         3097    i.utf8_encode       jansson_CM3LE.lib(utf.o)
    0x08005eb4   0x0000008c   Code   RO           21    i.work_open         main.o
    0x08005f40   0x00000074   Code   RO          416    i.writeFlash        air724_rec_data.o
    0x08005fb4   0x00000088   Code   RO          417    i.write_rec         air724_rec_data.o
    0x0800603c   0x00000018   Data   RO         1976    .constdata          system_stm32f1xx.o
    0x08006054   0x0000002c   Data   RO         2236    .constdata          jansson_CM3LE.lib(pack_unpack.o)
    0x08006080   0x00000081   Data   RO         3556    .constdata          mc_w.l(ctype_o.o)
    0x08006101   0x00000003   PAD
    0x08006104   0x00000004   Data   RO         3557    .constdata          mc_w.l(ctype_o.o)
    0x08006108   0x0000003e   Data   RO         2237    .conststring        jansson_CM3LE.lib(pack_unpack.o)
    0x08006146   0x00000002   PAD
    0x08006148   0x00000020   Data   RO         3603    Region$$Table       anon$$obj.o


    Execution Region RW_IRAM1 (Base: 0x20000000, Size: 0x000011a8, Max: 0x00010000, ABSOLUTE)

    Base Addr    Size         Type   Attr      Idx    E Section Name        Object

    0x20000000   0x0000001a   Data   RW           23    .data               main.o
    0x2000001a   0x00000001   Data   RW          226    .data               usart.o
    0x2000001b   0x00000001   PAD
    0x2000001c   0x00000004   Data   RW          285    .data               stm32f1xx_it.o
    0x20000020   0x0000000c   Data   RW          419    .data               air724_rec_data.o
    0x2000002c   0x00000009   Data   RW          993    .data               stm32f1xx_hal.o
    0x20000035   0x00000003   PAD
    0x20000038   0x00000004   Data   RW         1977    .data               system_stm32f1xx.o
    0x2000003c   0x00000018   Data   RW         2413    .data               jansson_CM3LE.lib(value.o)
    0x20000054   0x00000008   Data   RW         2956    .data               jansson_CM3LE.lib(memory.o)
    0x2000005c   0x00000004   Data   RW         3131    .data               jansson_CM3LE.lib(hashtable_seed.o)
    0x20000060   0x00000004   Data   RW         3497    .data               mc_w.l(errno.o)
    0x20000064   0x00000004   Data   RW         3527    .data               mc_w.l(mvars.o)
    0x20000068   0x00000004   Data   RW         3528    .data               mc_w.l(mvars.o)
    0x2000006c   0x00000090   Zero   RW           22    .bss                main.o
    0x200000fc   0x00000080   Zero   RW          225    .bss                usart.o
    0x2000017c   0x00000080   Zero   RW          284    .bss                stm32f1xx_it.o
    0x200001fc   0x00000387   Zero   RW          418    .bss                air724_rec_data.o
    0x20000583   0x00000005   PAD
    0x20000588   0x00000020   Zero   RW         1707    .bss                stm32f1xx_hal_flash.o
    0x200005a8   0x00000700   Zero   RW            2    HEAP                startup_stm32f103xe.o
    0x20000ca8   0x00000500   Zero   RW            1    STACK               startup_stm32f103xe.o


==============================================================================

Image component sizes


      Code (inc. data)   RO Data    RW Data    ZI Data      Debug   Object Name

      1196        350          0         12        903      17009   air724_rec_data.o
       240         22          0          0          0        935   gpio.o
         6          0          0          0          0        830   jansson_config.o
      1508        466          0         26        144     469366   main.o
        36          8        304          0       3072        780   startup_stm32f103xe.o
       152         32          0          9          0       5721   stm32f1xx_hal.o
       304         22          0          0          0      29207   stm32f1xx_hal_cortex.o
       424         10          0          0          0       1167   stm32f1xx_hal_dma.o
       520         48          0          0         32       3978   stm32f1xx_hal_flash.o
       256         26          0          0          0       2439   stm32f1xx_hal_flash_ex.o
       872         44          0          0          0       3179   stm32f1xx_hal_gpio.o
       100         10          0          0          0        854   stm32f1xx_hal_msp.o
        34          6          0          0          0        995   stm32f1xx_hal_pwr.o
      1784        110          0          0          0       5796   stm32f1xx_hal_rcc.o
      1568         10          0          0          0       9786   stm32f1xx_hal_uart.o
       226         42          0          4        128       6684   stm32f1xx_it.o
         2          0         24          4          0       1055   system_stm32f1xx.o
       416         46          0          1        128       2202   usart.o

    ----------------------------------------------------------------------
      9654       1252        360         60       4412     561983   Object Totals
         0          0         32          0          0          0   (incl. Generated)
        10          0          0          4          5          0   (incl. Padding)

    ----------------------------------------------------------------------

      Code (inc. data)   RO Data    RW Data    ZI Data      Debug   Library Member Name

       154          4          0          0          0       6085   error.o
      1022         32          0          0          0      17257   hashtable.o
        40          6          0          4          0       1280   hashtable_seed.o
      3288        680          0          0          0      24773   load.o
        68          8          0          8          0       5614   memory.o
      2494        890        106          0          0      12848   pack_unpack.o
       220          4          0          0          0       4432   strbuffer.o
       100         10          0          0          0       1151   strconv.o
       320         14          0          0          0       2507   utf.o
       994         32          0         24          0      25807   value.o
        28          0          0          0          0         80   strtod.o
       144          0          0          0          0         88   __strtoll.o
        28          0          0          0          0         68   _chval.o
        64          0          0          0          0         84   _sgetc.o
       194          0          0          0          0         96   _strtoull.o
         8          4        133          0          0         68   ctype_o.o
         0          0          0          0          0          0   entry.o
         0          0          0          0          0          0   entry10a.o
         0          0          0          0          0          0   entry11a.o
         8          4          0          0          0          0   entry2.o
         4          0          0          0          0          0   entry5.o
         0          0          0          0          0          0   entry7b.o
         0          0          0          0          0          0   entry8b.o
         8          4          0          0          0          0   entry9a.o
         8          4          0          4          0         68   errno.o
        30          0          0          0          0          0   handlers.o
        36          8          0          0          0         68   init.o
        18          0          0          0          0         76   isspace_o.o
         0          0          0          0          0          0   iusefp.o
        30          0          0          0          0         68   llshl.o
        36          0          0          0          0         68   llsshr.o
        32          0          0          0          0         68   llushr.o
       188         20          0          0          0        160   malloc.o
        20          0          0          0          0         68   memchr.o
        64          0          0          0          0         76   memmovea.o
        36          0          0          0          0        108   memseta.o
         0          0          0          8          0          0   mvars.o
      2342         94          0          0          0        744   printfa.o
       838         12          0          0          0        216   scanf_fp.o
        24          0          0          0          0         68   strcat.o
        20          0          0          0          0         68   strchr.o
        28          0          0          0          0         76   strcmp.o
        18          0          0          0          0         68   strcpy.o
        14          0          0          0          0         68   strlen.o
        36          0          0          0          0         80   strstr.o
       156         14          0          0          0        120   strtod.o
         4          0          0          0          0         68   strtoll.o
        44          0          0          0          0         80   uidiv.o
        98          0          0          0          0         92   uldiv.o
        48          0          0          0          0         68   cdcmple.o
        48          0          0          0          0         68   cdrcmple.o
        56          0          0          0          0         88   d2f.o
       334          0          0          0          0        148   dadd.o
       222          0          0          0          0        100   ddiv.o
       186          0          0          0          0        176   depilogue.o
        48          0          0          0          0         68   dfixul.o
        40          0          0          0          0         80   dfltl.o
        24          0          0          0          0         76   dfltul.o
       228          0          0          0          0         96   dmul.o
       110          0          0          0          0        168   fepilogue.o

    ----------------------------------------------------------------------
     14678       1844        244         48          0     105950   Library Totals
        28          0          5          0          0          0   (incl. Padding)

    ----------------------------------------------------------------------

      Code (inc. data)   RO Data    RW Data    ZI Data      Debug   Library Name

      8700       1680        106         36          0     101754   jansson_CM3LE.lib
        28          0          0          0          0         80   m_ws.l
      4578        164        133         12          0       2980   mc_w.l
      1344          0          0          0          0       1136   mf_w.l

    ----------------------------------------------------------------------
     14678       1844        244         48          0     105950   Library Totals

    ----------------------------------------------------------------------

==============================================================================


      Code (inc. data)   RO Data    RW Data    ZI Data      Debug   

     24332       3096        604        108       4412     657181   Grand Totals
     24332       3096        604        108       4412     657181   ELF Image Totals
     24332       3096        604        108          0          0   ROM Totals

==============================================================================

    Total RO  Size (Code + RO Data)                24936 (  24.35kB)
    Total RW  Size (RW Data + ZI Data)              4520 (   4.41kB)
    Total ROM Size (Code + RO Data + RW Data)      25044 (  24.46kB)

==============================================================================

